\BOOKMARK [1][-]{section.1}{\376\377\000I\000n\000t\000r\000o\000d\000u\000c\000t\000i\000o\000n}{}% 1
\BOOKMARK [1][-]{section.2}{\376\377\000F\000E\000P\000,\000\040\000A\000c\000t\000i\000v\000e\000\040\000I\000n\000f\000e\000r\000e\000n\000c\000e\000,\000\040\000a\000n\000d\000\040\000D\000e\000s\000i\000g\000n}{}% 2
\BOOKMARK [2][-]{subsection.2.1}{\376\377\000V\000a\000r\000i\000a\000t\000i\000o\000n\000a\000l\000\040\000f\000r\000e\000e\000\040\000e\000n\000e\000r\000g\000y}{section.2}% 3
\BOOKMARK [2][-]{subsection.2.2}{\376\377\000M\000a\000r\000k\000o\000v\000\040\000b\000l\000a\000n\000k\000e\000t\000s\000\040\000a\000n\000d\000\040\000p\000a\000t\000h\000s}{section.2}% 4
\BOOKMARK [2][-]{subsection.2.3}{\376\377\000F\000r\000o\000m\000\040\000i\000n\000f\000e\000r\000e\000n\000c\000e\000\040\000t\000o\000\040\000d\000e\000s\000i\000g\000n\000\040\000t\000h\000e\000o\000r\000y}{section.2}% 5
\BOOKMARK [1][-]{section.3}{\376\377\000I\000n\000v\000e\000r\000s\000i\000o\000n\000\040\000a\000s\000\040\000t\000h\000e\000\040\000D\000e\000s\000i\000g\000n\000\040\000o\000f\000\040\000a\000\040\000B\000o\000u\000n\000d\000a\000r\000y}{}% 6
\BOOKMARK [2][-]{subsection.3.1}{\376\377\000D\000e\000t\000e\000c\000t\000i\000o\000n\000,\000\040\000t\000r\000a\000c\000k\000i\000n\000g\000,\000\040\000a\000n\000d\000\040\000c\000o\000n\000s\000t\000i\000t\000u\000t\000i\000o\000n}{section.3}% 7
\BOOKMARK [2][-]{subsection.3.2}{\376\377\000T\000h\000e\000\040\000n\000a\000r\000r\000o\000w\000\040\000t\000h\000e\000s\000i\000s\000\040\000t\000e\000s\000t\000e\000d\000\040\000h\000e\000r\000e}{section.3}% 8
\BOOKMARK [2][-]{subsection.3.3}{\376\377\000W\000h\000y\000\040\000t\000h\000i\000s\000\040\000i\000s\000\040\000s\000p\000e\000c\000i\000f\000i\000c\000a\000l\000l\000y\000\040\000P\000o\000s\000s\000a\000t\000i\000'\000s\000\040\000i\000n\000v\000e\000r\000s\000i\000o\000n}{section.3}% 9
\BOOKMARK [0][-]{part.1}{\376\377\000I\000\040\000I\000n\000d\000i\000v\000i\000d\000u\000a\000l\000\040\000B\000o\000u\000n\000d\000a\000r\000y\000\040\000D\000e\000s\000i\000g\000n}{}% 10
\BOOKMARK [1][-]{section.4}{\376\377\000C\000o\000m\000p\000l\000e\000t\000e\000\040\000M\000a\000t\000h\000e\000m\000a\000t\000i\000c\000a\000l\000\040\000M\000o\000d\000e\000l}{part.1}% 11
\BOOKMARK [2][-]{subsection.4.1}{\376\377\000S\000t\000a\000t\000e\000\040\000s\000p\000a\000c\000e\000\040\000a\000n\000d\000\040\000f\000o\000u\000r\000-\000r\000o\000l\000e\000\040\000p\000a\000r\000t\000i\000t\000i\000o\000n\000s}{section.4}% 12
\BOOKMARK [2][-]{subsection.4.2}{\376\377\000P\000h\000y\000s\000i\000c\000a\000l\000\040\000c\000a\000u\000s\000a\000l\000\040\000o\000r\000g\000a\000n\000i\000z\000a\000t\000i\000o\000n}{section.4}% 13
\BOOKMARK [2][-]{subsection.4.3}{\376\377\000A\000\040\000c\000o\000m\000p\000u\000t\000a\000b\000l\000e\000\040\000p\000a\000t\000h\000-\000s\000p\000a\000c\000e\000\040\000g\000a\000p}{section.4}% 14
\BOOKMARK [2][-]{subsection.4.4}{\376\377\000C\000o\000n\000s\000t\000i\000t\000u\000t\000i\000v\000e\000\040\000i\000n\000t\000e\000r\000v\000e\000n\000t\000i\000o\000n\000s}{section.4}% 15
\BOOKMARK [2][-]{subsection.4.5}{\376\377\000L\000e\000a\000r\000n\000e\000d\000\040\000d\000y\000n\000a\000m\000i\000c\000s\000\040\000a\000n\000d\000\040\000s\000t\000r\000u\000c\000t\000u\000r\000a\000l\000\040\000p\000o\000s\000t\000e\000r\000i\000o\000r}{section.4}% 16
\BOOKMARK [2][-]{subsection.4.6}{\376\377\000L\000e\000a\000r\000n\000e\000d\000\040\000i\000n\000t\000e\000r\000v\000e\000n\000t\000i\000o\000n\000\040\000m\000o\000d\000e\000l}{section.4}% 17
\BOOKMARK [2][-]{subsection.4.7}{\376\377\000P\000r\000e\000c\000i\000s\000i\000o\000n\000\040\000a\000n\000d\000\040\000v\000i\000a\000b\000i\000l\000i\000t\000y}{section.4}% 18
\BOOKMARK [2][-]{subsection.4.8}{\376\377\000J\000o\000i\000n\000t\000\040\000e\000x\000p\000e\000c\000t\000e\000d\000-\000f\000r\000e\000e\000-\000e\000n\000e\000r\000g\000y\000\040\000p\000o\000l\000i\000c\000y}{section.4}% 19
\BOOKMARK [1][-]{section.5}{\376\377\000E\000x\000p\000e\000r\000i\000m\000e\000n\000t\000a\000l\000\040\000D\000e\000s\000i\000g\000n}{part.1}% 20
\BOOKMARK [2][-]{subsection.5.1}{\376\377\000T\000h\000r\000e\000e\000\040\000d\000i\000s\000c\000r\000i\000m\000i\000n\000a\000t\000i\000n\000g\000\040\000t\000a\000s\000k\000s}{section.5}% 21
\BOOKMARK [2][-]{subsection.5.2}{\376\377\000C\000o\000n\000d\000i\000t\000i\000o\000n\000s}{section.5}% 22
\BOOKMARK [2][-]{subsection.5.3}{\376\377\000F\000r\000o\000z\000e\000n\000\040\000p\000r\000o\000t\000o\000c\000o\000l\000\040\000a\000n\000d\000\040\000o\000u\000t\000c\000o\000m\000e\000s}{section.5}% 23
\BOOKMARK [1][-]{section.6}{\376\377\000R\000e\000s\000u\000l\000t\000s}{part.1}% 24
\BOOKMARK [2][-]{subsection.6.1}{\376\377\000P\000r\000i\000m\000a\000r\000y\000\040\000c\000o\000n\000s\000t\000i\000t\000u\000t\000i\000v\000e\000\040\000t\000e\000s\000t}{section.6}% 25
\BOOKMARK [2][-]{subsection.6.2}{\376\377\000C\000o\000n\000s\000t\000r\000u\000c\000t\000,\000\040\000s\000t\000a\000b\000i\000l\000i\000z\000e\000,\000\040\000t\000r\000a\000n\000s\000f\000o\000r\000m}{section.6}% 26
\BOOKMARK [2][-]{subsection.6.3}{\376\377\000C\000o\000m\000p\000l\000e\000t\000e\000\040\000r\000o\000l\000e\000\040\000i\000n\000f\000e\000r\000e\000n\000c\000e}{section.6}% 27
\BOOKMARK [2][-]{subsection.6.4}{\376\377\000A\000r\000c\000h\000i\000t\000e\000c\000t\000u\000r\000e\000\040\000a\000n\000d\000\040\000v\000i\000a\000b\000i\000l\000i\000t\000y}{section.6}% 28
\BOOKMARK [2][-]{subsection.6.5}{\376\377\000A\000b\000l\000a\000t\000i\000o\000n\000s\000\040\000a\000n\000d\000\040\000p\000r\000o\000c\000e\000s\000s\000\040\000d\000i\000a\000g\000n\000o\000s\000t\000i\000c\000s}{section.6}% 29
\BOOKMARK [0][-]{part.2}{\376\377\000I\000I\000\040\000C\000o\000l\000l\000e\000c\000t\000i\000v\000e\000\040\000B\000o\000u\000n\000d\000a\000r\000y\000\040\000D\000e\000s\000i\000g\000n}{}% 30
\BOOKMARK [1][-]{section.7}{\376\377\000F\000r\000o\000m\000\040\000C\000o\000o\000r\000d\000i\000n\000a\000t\000i\000o\000n\000\040\000t\000o\000\040\000O\000p\000e\000r\000a\000t\000i\000o\000n\000a\000l\000\040\000I\000n\000d\000i\000v\000i\000d\000u\000a\000t\000i\000o\000n}{part.2}% 31
\BOOKMARK [1][-]{section.8}{\376\377\000C\000o\000l\000l\000e\000c\000t\000i\000v\000e\000\040\000M\000a\000t\000h\000e\000m\000a\000t\000i\000c\000a\000l\000\040\000M\000o\000d\000e\000l}{part.2}% 32
\BOOKMARK [2][-]{subsection.8.1}{\376\377\000D\000i\000s\000t\000r\000i\000b\000u\000t\000e\000d\000\040\000s\000t\000a\000t\000e\000s\000\040\000a\000n\000d\000\040\000c\000a\000n\000d\000i\000d\000a\000t\000e\000\040\000p\000a\000r\000t\000i\000t\000i\000o\000n\000s}{section.8}% 33
\BOOKMARK [2][-]{subsection.8.2}{\376\377\000A\000\040\000g\000r\000o\000u\000p\000-\000l\000e\000v\000e\000l\000\040\000c\000a\000u\000s\000a\000l\000\040\000o\000r\000g\000a\000n\000i\000z\000a\000t\000i\000o\000n}{section.8}% 34
\BOOKMARK [2][-]{subsection.8.3}{\376\377\000B\000i\000l\000a\000t\000e\000r\000a\000l\000\040\000c\000o\000n\000s\000t\000i\000t\000u\000t\000i\000o\000n}{section.8}% 35
\BOOKMARK [2][-]{subsection.8.4}{\376\377\000S\000h\000a\000r\000e\000d\000\040\000p\000a\000y\000l\000o\000a\000d\000\040\000a\000n\000d\000\040\000f\000o\000r\000m\000a\000t\000i\000o\000n\000\040\000d\000y\000n\000a\000m\000i\000c\000s}{section.8}% 36
\BOOKMARK [2][-]{subsection.8.5}{\376\377\000J\000o\000i\000n\000t\000\040\000e\000x\000p\000e\000c\000t\000e\000d\000\040\000f\000r\000e\000e\000\040\000e\000n\000e\000r\000g\000y\000\040\000a\000n\000d\000\040\000a\000g\000r\000e\000e\000m\000e\000n\000t}{section.8}% 37
\BOOKMARK [1][-]{section.9}{\376\377\000C\000o\000l\000l\000e\000c\000t\000i\000v\000e\000\040\000E\000x\000p\000e\000r\000i\000m\000e\000n\000t\000a\000l\000\040\000D\000e\000s\000i\000g\000n}{part.2}% 38
\BOOKMARK [2][-]{subsection.9.1}{\376\377\000T\000a\000s\000k\000s}{section.9}% 39
\BOOKMARK [2][-]{subsection.9.2}{\376\377\000C\000o\000n\000d\000i\000t\000i\000o\000n\000s\000\040\000a\000n\000d\000\040\000c\000o\000n\000t\000r\000o\000l\000s}{section.9}% 40
\BOOKMARK [1][-]{section.10}{\376\377\000C\000o\000l\000l\000e\000c\000t\000i\000v\000e\000\040\000R\000e\000s\000u\000l\000t\000s}{part.2}% 41
\BOOKMARK [2][-]{subsection.10.1}{\376\377\000C\000o\000n\000s\000t\000i\000t\000u\000t\000i\000o\000n\000\040\000a\000n\000d\000\040\000s\000t\000r\000a\000t\000e\000g\000i\000c\000\040\000a\000d\000v\000a\000n\000t\000a\000g\000e}{section.10}% 42
\BOOKMARK [2][-]{subsection.10.2}{\376\377\000W\000h\000y\000\040\000m\000e\000s\000s\000a\000g\000i\000n\000g\000\040\000a\000l\000o\000n\000e\000\040\000i\000s\000\040\000n\000o\000t\000\040\000e\000n\000o\000u\000g\000h}{section.10}% 43
\BOOKMARK [2][-]{subsection.10.3}{\376\377\000R\000a\000n\000d\000o\000m\000\040\000c\000o\000n\000s\000t\000i\000t\000u\000t\000i\000o\000n\000\040\000a\000n\000d\000\040\000d\000i\000r\000e\000c\000t\000e\000d\000\040\000t\000r\000a\000n\000s\000f\000o\000r\000m\000a\000t\000i\000o\000n}{section.10}% 44
\BOOKMARK [2][-]{subsection.10.4}{\376\377\000T\000i\000m\000e\000-\000r\000e\000s\000o\000l\000v\000e\000d\000\040\000e\000x\000a\000m\000p\000l\000e\000s}{section.10}% 45
\BOOKMARK [0][-]{part.3}{\376\377\000I\000I\000I\000\040\000S\000y\000n\000t\000h\000e\000s\000i\000s}{}% 46
\BOOKMARK [1][-]{section.11}{\376\377\000D\000i\000s\000c\000u\000s\000s\000i\000o\000n}{part.3}% 47
\BOOKMARK [2][-]{subsection.11.1}{\376\377\000W\000h\000a\000t\000\040\000t\000h\000e\000\040\000m\000o\000d\000e\000l\000\040\000n\000o\000w\000\040\000d\000e\000m\000o\000n\000s\000t\000r\000a\000t\000e\000s}{section.11}% 48
\BOOKMARK [2][-]{subsection.11.2}{\376\377\000W\000h\000y\000\040\000t\000h\000e\000\040\000b\000o\000o\000k\000\040\000c\000o\000n\000n\000e\000c\000t\000i\000o\000n\000\040\000i\000s\000\040\000s\000u\000b\000s\000t\000a\000n\000t\000i\000v\000e}{section.11}% 49
\BOOKMARK [2][-]{subsection.11.3}{\376\377\000D\000o\000e\000s\000\040\000t\000h\000e\000\040\000p\000a\000i\000r\000\040\000l\000i\000t\000e\000r\000a\000l\000l\000y\000\040\000b\000e\000c\000o\000m\000e\000\040\000o\000n\000e\000\040\000d\000r\000o\000n\000e\000?}{section.11}% 50
\BOOKMARK [2][-]{subsection.11.4}{\376\377\000A\000l\000t\000e\000r\000n\000a\000t\000i\000v\000e\000\040\000e\000x\000p\000l\000a\000n\000a\000t\000i\000o\000n\000s\000\040\000a\000n\000d\000\040\000t\000h\000e\000\040\000r\000o\000l\000e\000\040\000o\000f\000\040\000t\000h\000e\000\040\000c\000o\000n\000t\000r\000o\000l\000s}{section.11}% 51
\BOOKMARK [2][-]{subsection.11.5}{\376\377\000W\000h\000a\000t\000\040\000r\000e\000m\000a\000i\000n\000s\000\040\000u\000n\000p\000r\000o\000v\000e\000n}{section.11}% 52
\BOOKMARK [1][-]{section.12}{\376\377\000C\000o\000n\000c\000l\000u\000s\000i\000o\000n}{part.3}% 53
\BOOKMARK [0][-]{part*.21}{\376\377\000T\000e\000c\000h\000n\000i\000c\000a\000l\000\040\000A\000p\000p\000e\000n\000d\000i\000c\000e\000s}{}% 54
\BOOKMARK [1][-]{appendix.A}{\376\377\000P\000a\000t\000h\000-\000S\000p\000a\000c\000e\000\040\000F\000a\000c\000t\000o\000r\000i\000z\000a\000t\000i\000o\000n\000\040\000a\000n\000d\000\040\000t\000h\000e\000\040\000L\000i\000n\000e\000a\000r\000\040\000G\000a\000p}{part*.21}% 55
\BOOKMARK [1][-]{appendix.B}{\376\377\000E\000x\000a\000c\000t\000\040\000P\000a\000r\000t\000i\000t\000i\000o\000n\000\040\000P\000o\000s\000t\000e\000r\000i\000o\000r\000\040\000a\000n\000d\000\040\000P\000e\000r\000m\000u\000t\000a\000t\000i\000o\000n\000\040\000A\000w\000a\000r\000e\000n\000e\000s\000s}{part*.21}% 56
\BOOKMARK [1][-]{appendix.C}{\376\377\000A\000l\000g\000o\000r\000i\000t\000h\000m\000s}{part*.21}% 57
\BOOKMARK [2][-]{subsection.C.1}{\376\377\000I\000n\000d\000i\000v\000i\000d\000u\000a\000l\000\040\000c\000o\000n\000s\000t\000i\000t\000u\000t\000i\000v\000e\000\040\000i\000n\000v\000e\000r\000s\000i\000o\000n}{appendix.C}% 58
\BOOKMARK [2][-]{subsection.C.2}{\376\377\000C\000o\000l\000l\000e\000c\000t\000i\000v\000e\000\040\000c\000o\000n\000s\000t\000i\000t\000u\000t\000i\000v\000e\000\040\000i\000n\000v\000e\000r\000s\000i\000o\000n}{appendix.C}% 59
\BOOKMARK [1][-]{appendix.D}{\376\377\000P\000a\000r\000a\000m\000e\000t\000e\000r\000\040\000R\000e\000g\000i\000s\000t\000e\000r}{part*.21}% 60
\BOOKMARK [1][-]{appendix.E}{\376\377\000O\000u\000t\000c\000o\000m\000e\000\040\000D\000e\000f\000i\000n\000i\000t\000i\000o\000n\000s\000\040\000a\000n\000d\000\040\000S\000t\000a\000t\000i\000s\000t\000i\000c\000a\000l\000\040\000D\000i\000s\000c\000i\000p\000l\000i\000n\000e}{part*.21}% 61
\BOOKMARK [1][-]{appendix.F}{\376\377\000R\000e\000p\000r\000o\000d\000u\000c\000i\000b\000i\000l\000i\000t\000y\000\040\000a\000n\000d\000\040\000T\000e\000s\000t\000\040\000R\000e\000g\000i\000s\000t\000e\000r}{part*.21}% 62
